mode: set
theraclosure/payments-service/internal/adapters/stripe/client.go:19.54,24.2 2 1
theraclosure/payments-service/internal/adapters/stripe/client.go:26.75,33.16 3 1
theraclosure/payments-service/internal/adapters/stripe/client.go:33.16,35.3 1 1
theraclosure/payments-service/internal/adapters/stripe/client.go:37.2,37.18 1 0
theraclosure/payments-service/internal/adapters/stripe/client.go:40.85,42.16 2 0
theraclosure/payments-service/internal/adapters/stripe/client.go:42.16,44.3 1 0
theraclosure/payments-service/internal/adapters/stripe/client.go:47.2,48.16 2 0
theraclosure/payments-service/internal/adapters/stripe/client.go:48.16,50.3 1 0
theraclosure/payments-service/internal/adapters/stripe/client.go:52.2,53.54 2 0
theraclosure/payments-service/internal/adapters/stripe/client.go:53.54,55.3 1 0
theraclosure/payments-service/internal/adapters/stripe/client.go:57.2,57.20 1 0
theraclosure/payments-service/internal/adapters/stripe/client.go:60.93,63.47 2 0
theraclosure/payments-service/internal/adapters/stripe/client.go:63.47,65.3 1 0
theraclosure/payments-service/internal/adapters/stripe/client.go:66.2,66.45 1 0
theraclosure/payments-service/internal/adapters/stripe/client.go:66.45,68.3 1 0
theraclosure/payments-service/internal/adapters/stripe/client.go:70.2,71.16 2 0
theraclosure/payments-service/internal/adapters/stripe/client.go:71.16,73.3 1 0
theraclosure/payments-service/internal/adapters/stripe/client.go:75.2,75.12 1 0
theraclosure/payments-service/internal/adapters/stripe/client.go:78.62,80.16 2 0
theraclosure/payments-service/internal/adapters/stripe/client.go:80.16,82.3 1 0
theraclosure/payments-service/internal/adapters/stripe/client.go:83.2,83.12 1 0
theraclosure/payments-service/internal/adapters/stripe/client.go:86.119,96.40 2 0
theraclosure/payments-service/internal/adapters/stripe/client.go:96.40,98.3 1 0
theraclosure/payments-service/internal/adapters/stripe/client.go:100.2,101.16 2 0
theraclosure/payments-service/internal/adapters/stripe/client.go:101.16,103.3 1 0
theraclosure/payments-service/internal/adapters/stripe/client.go:106.2,107.16 2 0
theraclosure/payments-service/internal/adapters/stripe/client.go:107.16,109.3 1 0
theraclosure/payments-service/internal/adapters/stripe/client.go:111.2,112.54 2 0
theraclosure/payments-service/internal/adapters/stripe/client.go:112.54,114.3 1 0
theraclosure/payments-service/internal/adapters/stripe/client.go:116.2,116.20 1 0
theraclosure/payments-service/internal/adapters/stripe/client.go:119.95,121.16 2 0
theraclosure/payments-service/internal/adapters/stripe/client.go:121.16,123.3 1 0
theraclosure/payments-service/internal/adapters/stripe/client.go:126.2,127.16 2 0
theraclosure/payments-service/internal/adapters/stripe/client.go:127.16,129.3 1 0
theraclosure/payments-service/internal/adapters/stripe/client.go:131.2,132.54 2 0
theraclosure/payments-service/internal/adapters/stripe/client.go:132.54,134.3 1 0
theraclosure/payments-service/internal/adapters/stripe/client.go:136.2,136.20 1 0
theraclosure/payments-service/internal/adapters/stripe/client.go:139.129,142.52 2 0
theraclosure/payments-service/internal/adapters/stripe/client.go:142.52,148.3 1 0
theraclosure/payments-service/internal/adapters/stripe/client.go:150.2,150.53 1 0
theraclosure/payments-service/internal/adapters/stripe/client.go:150.53,152.3 1 0
theraclosure/payments-service/internal/adapters/stripe/client.go:154.2,155.16 2 0
theraclosure/payments-service/internal/adapters/stripe/client.go:155.16,157.3 1 0
theraclosure/payments-service/internal/adapters/stripe/client.go:160.2,161.16 2 0
theraclosure/payments-service/internal/adapters/stripe/client.go:161.16,163.3 1 0
theraclosure/payments-service/internal/adapters/stripe/client.go:165.2,166.54 2 0
theraclosure/payments-service/internal/adapters/stripe/client.go:166.54,168.3 1 0
theraclosure/payments-service/internal/adapters/stripe/client.go:170.2,170.20 1 0
theraclosure/payments-service/internal/adapters/stripe/client.go:173.122,176.16 2 0
theraclosure/payments-service/internal/adapters/stripe/client.go:176.16,178.3 1 0
theraclosure/payments-service/internal/adapters/stripe/client.go:181.2,182.16 2 0
theraclosure/payments-service/internal/adapters/stripe/client.go:182.16,184.3 1 0
theraclosure/payments-service/internal/adapters/stripe/client.go:186.2,187.54 2 0
theraclosure/payments-service/internal/adapters/stripe/client.go:187.54,189.3 1 0
theraclosure/payments-service/internal/adapters/stripe/client.go:191.2,191.20 1 0
theraclosure/payments-service/internal/adapters/stripe/client.go:194.147,201.21 2 0
theraclosure/payments-service/internal/adapters/stripe/client.go:201.21,203.3 1 0
theraclosure/payments-service/internal/adapters/stripe/client.go:205.2,206.16 2 0
theraclosure/payments-service/internal/adapters/stripe/client.go:206.16,208.3 1 0
theraclosure/payments-service/internal/adapters/stripe/client.go:211.2,212.16 2 0
theraclosure/payments-service/internal/adapters/stripe/client.go:212.16,214.3 1 0
theraclosure/payments-service/internal/adapters/stripe/client.go:216.2,217.54 2 0
theraclosure/payments-service/internal/adapters/stripe/client.go:217.54,219.3 1 0
theraclosure/payments-service/internal/adapters/stripe/client.go:221.2,221.20 1 0
theraclosure/payments-service/internal/adapters/stripe/client.go:224.97,226.16 2 0
theraclosure/payments-service/internal/adapters/stripe/client.go:226.16,228.3 1 0
theraclosure/payments-service/internal/adapters/stripe/client.go:231.2,232.16 2 0
theraclosure/payments-service/internal/adapters/stripe/client.go:232.16,234.3 1 0
theraclosure/payments-service/internal/adapters/stripe/client.go:236.2,237.54 2 0
theraclosure/payments-service/internal/adapters/stripe/client.go:237.54,239.3 1 0
theraclosure/payments-service/internal/adapters/stripe/client.go:241.2,241.20 1 0
theraclosure/payments-service/internal/adapters/stripe/client.go:244.101,246.16 2 0
theraclosure/payments-service/internal/adapters/stripe/client.go:246.16,248.3 1 0
theraclosure/payments-service/internal/adapters/stripe/client.go:251.2,252.16 2 0
theraclosure/payments-service/internal/adapters/stripe/client.go:252.16,254.3 1 0
theraclosure/payments-service/internal/adapters/stripe/client.go:256.2,257.54 2 0
theraclosure/payments-service/internal/adapters/stripe/client.go:257.54,259.3 1 0
theraclosure/payments-service/internal/adapters/stripe/client.go:261.2,261.20 1 0
theraclosure/payments-service/internal/adapters/stripe/client.go:264.109,269.19 2 1
theraclosure/payments-service/internal/adapters/stripe/client.go:269.19,271.3 1 0
theraclosure/payments-service/internal/adapters/stripe/client.go:273.2,274.16 2 1
theraclosure/payments-service/internal/adapters/stripe/client.go:274.16,276.3 1 1
theraclosure/payments-service/internal/adapters/stripe/client.go:279.2,280.16 2 0
theraclosure/payments-service/internal/adapters/stripe/client.go:280.16,282.3 1 0
theraclosure/payments-service/internal/adapters/stripe/client.go:284.2,285.54 2 0
theraclosure/payments-service/internal/adapters/stripe/client.go:285.54,287.3 1 0
theraclosure/payments-service/internal/adapters/stripe/client.go:289.2,289.20 1 0
theraclosure/payments-service/internal/adapters/stripe/client.go:292.120,294.16 2 1
theraclosure/payments-service/internal/adapters/stripe/client.go:294.16,296.3 1 1
theraclosure/payments-service/internal/adapters/stripe/client.go:299.2,300.16 2 0
theraclosure/payments-service/internal/adapters/stripe/client.go:300.16,302.3 1 0
theraclosure/payments-service/internal/adapters/stripe/client.go:304.2,305.54 2 0
theraclosure/payments-service/internal/adapters/stripe/client.go:305.54,307.3 1 0
theraclosure/payments-service/internal/adapters/stripe/client.go:309.2,309.20 1 0
